=== TypeCheck  ===
pm (1, 2) as (x, y) in print ""$y"";
produce (1)
 --: F (Num)
=== Evaluation ===
"2"
===  ProgRes   ===
produce 1
