=== TypeCheck  ===
let x be 3 in
let x be 4+x in
produce (x) --: F (Num)
=== Evaluation ===
===  ProgRes   ===
produce 7
