=== TypeCheck  ===
1'
2'
λ(x)
λ(y)
produce (x+y)
 --: F (Num)
=== Evaluation ===
===  ProgRes   ===
produce 3
