=== TypeCheck  ===
7'
print ""hello0"";
Î»(x)
print ""hello$x"";
produce (x)
 --: F (Num)
=== Evaluation ===
"hello0"
"hello7"
===  ProgRes   ===
produce 7
