=== TypeCheck  ===
produce (2+3)
 --: F (Num)
=== Evaluation ===
===  ProgRes   ===
produce 5
